
*** Running vivado
    with args -log top_module.vdi -applog -m64 -messageDb vivado.pb -mode batch -source top_module.tcl -notrace


****** Vivado v2015.4 (64-bit)
  **** SW Build 1412921 on Wed Nov 18 09:43:45 MST 2015
  **** IP Build 1412160 on Tue Nov 17 13:47:24 MST 2015
    ** Copyright 1986-2015 Xilinx, Inc. All Rights Reserved.

source top_module.tcl -notrace
Design is defaulting to srcset: sources_1
Design is defaulting to constrset: constrs_1
INFO: [Netlist 29-17] Analyzing 391 Unisim elements for replacement
INFO: [Netlist 29-28] Unisim Transformation completed in 0 CPU seconds
INFO: [Project 1-479] Netlist was created with Vivado 2015.4
INFO: [Device 21-403] Loading part xc7a35tcpg236-1
INFO: [Project 1-570] Preparing netlist for logic optimization
Parsing XDC File [C:/Users/HP/Desktop/Basys3_Master.xdc]
Finished Parsing XDC File [C:/Users/HP/Desktop/Basys3_Master.xdc]
INFO: [Opt 31-138] Pushed 0 inverter(s) to 0 load pin(s).
INFO: [Project 1-111] Unisim Transformation Summary:
No Unisim elements were transformed.

Command: opt_design
Attempting to get a license for feature 'Implementation' and/or device 'xc7a35t'
INFO: [Common 17-349] Got license for feature 'Implementation' and/or device 'xc7a35t'
Running DRC as a precondition to command opt_design

Starting DRC Task
INFO: [DRC 23-27] Running DRC with 2 threads
INFO: [Project 1-461] DRC finished with 0 Errors
INFO: [Project 1-462] Please refer to the DRC report (report_drc) for more information.

Time (s): cpu = 00:00:00 ; elapsed = 00:00:00.073 . Memory (MB): peak = 440.293 ; gain = 4.453
INFO: [Timing 38-35] Done setting XDC timing constraints.

Starting Logic Optimization Task
Implement Debug Cores | Checksum: 1515d99e2

Phase 1 Retarget
INFO: [Opt 31-138] Pushed 0 inverter(s) to 0 load pin(s).
INFO: [Opt 31-49] Retargeted 0 cell(s).
Phase 1 Retarget | Checksum: 1a2518e15

Time (s): cpu = 00:00:00 ; elapsed = 00:00:00.142 . Memory (MB): peak = 864.727 ; gain = 0.000

Phase 2 Constant Propagation
INFO: [Opt 31-138] Pushed 0 inverter(s) to 0 load pin(s).
INFO: [Opt 31-10] Eliminated 0 cells.
Phase 2 Constant Propagation | Checksum: 187470582

Time (s): cpu = 00:00:00 ; elapsed = 00:00:00.275 . Memory (MB): peak = 864.727 ; gain = 0.000

Phase 3 Sweep
INFO: [Opt 31-12] Eliminated 1030 unconnected nets.
INFO: [Opt 31-11] Eliminated 4 unconnected cells.
Phase 3 Sweep | Checksum: 16d44005b

Time (s): cpu = 00:00:00 ; elapsed = 00:00:00.443 . Memory (MB): peak = 864.727 ; gain = 0.000

Starting Connectivity Check Task

Time (s): cpu = 00:00:00 ; elapsed = 00:00:00.005 . Memory (MB): peak = 864.727 ; gain = 0.000
Ending Logic Optimization Task | Checksum: 16d44005b

Time (s): cpu = 00:00:00 ; elapsed = 00:00:00.458 . Memory (MB): peak = 864.727 ; gain = 0.000

Starting Power Optimization Task
INFO: [Pwropt 34-132] Skipping clock gating for clocks with a period < 2.00 ns.
Ending Power Optimization Task | Checksum: 16d44005b

Time (s): cpu = 00:00:00 ; elapsed = 00:00:00.004 . Memory (MB): peak = 864.727 ; gain = 0.000
INFO: [Common 17-83] Releasing license: Implementation
20 Infos, 0 Warnings, 0 Critical Warnings and 0 Errors encountered.
opt_design completed successfully
opt_design: Time (s): cpu = 00:00:07 ; elapsed = 00:00:08 . Memory (MB): peak = 864.727 ; gain = 428.887
Writing placer database...
Writing XDEF routing.
Writing XDEF routing logical nets.
Writing XDEF routing special nets.
Write XDEF Complete: Time (s): cpu = 00:00:00 ; elapsed = 00:00:00.032 . Memory (MB): peak = 864.727 ; gain = 0.000
INFO: [DRC 23-27] Running DRC with 2 threads
INFO: [Coretcl 2-168] The results of DRC are in file C:/Uni/CPE222/project/project.runs/impl_1/top_module_drc_opted.rpt.
INFO: [Vivado_Tcl 4-424] Cannot write hardware definition file as there are no IPI block design hardware handoff files present
Command: place_design
Attempting to get a license for feature 'Implementation' and/or device 'xc7a35t'
INFO: [Common 17-349] Got license for feature 'Implementation' and/or device 'xc7a35t'
INFO: [DRC 23-27] Running DRC with 2 threads
INFO: [Vivado_Tcl 4-198] DRC finished with 0 Errors
INFO: [Vivado_Tcl 4-199] Please refer to the DRC report (report_drc) for more information.
Running DRC as a precondition to command place_design
INFO: [DRC 23-27] Running DRC with 2 threads
INFO: [Vivado_Tcl 4-198] DRC finished with 0 Errors
INFO: [Vivado_Tcl 4-199] Please refer to the DRC report (report_drc) for more information.

Starting Placer Task
INFO: [Place 30-611] Multithreading enabled for place_design using a maximum of 2 CPUs

Phase 1 Placer Initialization
Netlist sorting complete. Time (s): cpu = 00:00:00 ; elapsed = 00:00:00.001 . Memory (MB): peak = 864.727 ; gain = 0.000
Netlist sorting complete. Time (s): cpu = 00:00:00 ; elapsed = 00:00:00.001 . Memory (MB): peak = 864.727 ; gain = 0.000

Phase 1.1 IO Placement/ Clock Placement/ Build Placer Device

Phase 1.1.1 Pre-Place Cells
Phase 1.1.1 Pre-Place Cells | Checksum: 7f252c74

Time (s): cpu = 00:00:00 ; elapsed = 00:00:00.017 . Memory (MB): peak = 864.727 ; gain = 0.000
INFO: [Timing 38-35] Done setting XDC timing constraints.

Phase 1.1.2 IO and Clk Clean Up
Phase 1.1.2 IO and Clk Clean Up | Checksum: 7f252c74

Time (s): cpu = 00:00:01 ; elapsed = 00:00:00.551 . Memory (MB): peak = 881.133 ; gain = 16.406

Phase 1.1.3 Implementation Feasibility check On IDelay
Phase 1.1.3 Implementation Feasibility check On IDelay | Checksum: 7f252c74

Time (s): cpu = 00:00:01 ; elapsed = 00:00:00.557 . Memory (MB): peak = 881.133 ; gain = 16.406

Phase 1.1.4 Commit IO Placement
Phase 1.1.4 Commit IO Placement | Checksum: c9d5d680

Time (s): cpu = 00:00:01 ; elapsed = 00:00:00.557 . Memory (MB): peak = 881.133 ; gain = 16.406
Phase 1.1 IO Placement/ Clock Placement/ Build Placer Device | Checksum: 17201177c

Time (s): cpu = 00:00:01 ; elapsed = 00:00:00.558 . Memory (MB): peak = 881.133 ; gain = 16.406

Phase 1.2 Build Placer Netlist Model

Phase 1.2.1 Place Init Design

Phase 1.2.1.1 Init Lut Pin Assignment
Phase 1.2.1.1 Init Lut Pin Assignment | Checksum: 21cf14e8d

Time (s): cpu = 00:00:01 ; elapsed = 00:00:00.704 . Memory (MB): peak = 881.133 ; gain = 16.406
Phase 1.2.1 Place Init Design | Checksum: 191a0168f

Time (s): cpu = 00:00:02 ; elapsed = 00:00:01 . Memory (MB): peak = 881.133 ; gain = 16.406
Phase 1.2 Build Placer Netlist Model | Checksum: 191a0168f

Time (s): cpu = 00:00:02 ; elapsed = 00:00:01 . Memory (MB): peak = 881.133 ; gain = 16.406

Phase 1.3 Constrain Clocks/Macros

Phase 1.3.1 Constrain Global/Regional Clocks
Phase 1.3.1 Constrain Global/Regional Clocks | Checksum: 191a0168f

Time (s): cpu = 00:00:02 ; elapsed = 00:00:01 . Memory (MB): peak = 881.133 ; gain = 16.406
Phase 1.3 Constrain Clocks/Macros | Checksum: 191a0168f

Time (s): cpu = 00:00:02 ; elapsed = 00:00:01 . Memory (MB): peak = 881.133 ; gain = 16.406
Phase 1 Placer Initialization | Checksum: 191a0168f

Time (s): cpu = 00:00:02 ; elapsed = 00:00:01 . Memory (MB): peak = 881.133 ; gain = 16.406

Phase 2 Global Placement
Phase 2 Global Placement | Checksum: 113ed8d3d

Time (s): cpu = 00:00:06 ; elapsed = 00:00:05 . Memory (MB): peak = 886.035 ; gain = 21.309

Phase 3 Detail Placement

Phase 3.1 Commit Multi Column Macros
Phase 3.1 Commit Multi Column Macros | Checksum: 113ed8d3d

Time (s): cpu = 00:00:06 ; elapsed = 00:00:05 . Memory (MB): peak = 886.035 ; gain = 21.309

Phase 3.2 Commit Most Macros & LUTRAMs
Phase 3.2 Commit Most Macros & LUTRAMs | Checksum: 20e06d5ed

Time (s): cpu = 00:00:07 ; elapsed = 00:00:06 . Memory (MB): peak = 886.035 ; gain = 21.309

Phase 3.3 Area Swap Optimization
Phase 3.3 Area Swap Optimization | Checksum: 22b4204d7

Time (s): cpu = 00:00:07 ; elapsed = 00:00:06 . Memory (MB): peak = 886.035 ; gain = 21.309

Phase 3.4 updateClock Trees: DP
Phase 3.4 updateClock Trees: DP | Checksum: 22b4204d7

Time (s): cpu = 00:00:07 ; elapsed = 00:00:06 . Memory (MB): peak = 886.035 ; gain = 21.309

Phase 3.5 Timing Path Optimizer
Phase 3.5 Timing Path Optimizer | Checksum: 21a6f1d0b

Time (s): cpu = 00:00:07 ; elapsed = 00:00:06 . Memory (MB): peak = 886.035 ; gain = 21.309

Phase 3.6 Fast Optimization
Phase 3.6 Fast Optimization | Checksum: 2259e5ca4

Time (s): cpu = 00:00:09 ; elapsed = 00:00:08 . Memory (MB): peak = 889.836 ; gain = 25.109

Phase 3.7 Small Shape Detail Placement

Phase 3.7.1 Commit Small Macros and Core Logic

Phase 3.7.1.1 Commit Slice Clusters
Phase 3.7.1.1 Commit Slice Clusters | Checksum: 106dde148

Time (s): cpu = 00:00:09 ; elapsed = 00:00:08 . Memory (MB): peak = 895.441 ; gain = 30.715
Phase 3.7.1 Commit Small Macros and Core Logic | Checksum: 106dde148

Time (s): cpu = 00:00:09 ; elapsed = 00:00:08 . Memory (MB): peak = 895.441 ; gain = 30.715

Phase 3.7.2 Clock Restriction Legalization for Leaf Columns
Phase 3.7.2 Clock Restriction Legalization for Leaf Columns | Checksum: 106dde148

Time (s): cpu = 00:00:09 ; elapsed = 00:00:08 . Memory (MB): peak = 895.441 ; gain = 30.715

Phase 3.7.3 Clock Restriction Legalization for Non-Clock Pins
Phase 3.7.3 Clock Restriction Legalization for Non-Clock Pins | Checksum: 106dde148

Time (s): cpu = 00:00:09 ; elapsed = 00:00:08 . Memory (MB): peak = 895.441 ; gain = 30.715
Phase 3.7 Small Shape Detail Placement | Checksum: 106dde148

Time (s): cpu = 00:00:09 ; elapsed = 00:00:08 . Memory (MB): peak = 895.441 ; gain = 30.715

Phase 3.8 Re-assign LUT pins
Phase 3.8 Re-assign LUT pins | Checksum: 1234b9c6e

Time (s): cpu = 00:00:09 ; elapsed = 00:00:08 . Memory (MB): peak = 895.441 ; gain = 30.715
Phase 3 Detail Placement | Checksum: 1234b9c6e

Time (s): cpu = 00:00:09 ; elapsed = 00:00:08 . Memory (MB): peak = 895.441 ; gain = 30.715

Phase 4 Post Placement Optimization and Clean-Up

Phase 4.1 Post Commit Optimization

Phase 4.1.1 callUpdateTimingBeforePCO
Phase 4.1.1 callUpdateTimingBeforePCO | Checksum: 1337e361d

Time (s): cpu = 00:00:10 ; elapsed = 00:00:09 . Memory (MB): peak = 895.441 ; gain = 30.715

Phase 4.1.2 updateClock Trees: PCOPT
Phase 4.1.2 updateClock Trees: PCOPT | Checksum: 1337e361d

Time (s): cpu = 00:00:10 ; elapsed = 00:00:09 . Memory (MB): peak = 895.441 ; gain = 30.715

Phase 4.1.3 Post Placement Optimization

Phase 4.1.3.1 PCOPT Shape updates

Phase 4.1.3.1.1 removeOptionalFFsFromShapes
Phase 4.1.3.1.1 removeOptionalFFsFromShapes | Checksum: 1337e361d

Time (s): cpu = 00:00:10 ; elapsed = 00:00:09 . Memory (MB): peak = 895.441 ; gain = 30.715

Phase 4.1.3.1.2 deleteLutnmShapes

Phase 4.1.3.1.2.1 deleteShapes
Phase 4.1.3.1.2.1 deleteShapes | Checksum: 1b9a42b42

Time (s): cpu = 00:00:10 ; elapsed = 00:00:09 . Memory (MB): peak = 895.441 ; gain = 30.715
Phase 4.1.3.1.2 deleteLutnmShapes | Checksum: 1b9a42b42

Time (s): cpu = 00:00:10 ; elapsed = 00:00:09 . Memory (MB): peak = 895.441 ; gain = 30.715
Phase 4.1.3.1 PCOPT Shape updates | Checksum: 1b9a42b42

Time (s): cpu = 00:00:10 ; elapsed = 00:00:09 . Memory (MB): peak = 895.441 ; gain = 30.715

Phase 4.1.3.2 Post Placement Timing Optimization

Phase 4.1.3.2.1 Restore Best Placement
Phase 4.1.3.2.1 Restore Best Placement | Checksum: 29faed638

Time (s): cpu = 00:00:14 ; elapsed = 00:00:14 . Memory (MB): peak = 895.441 ; gain = 30.715
INFO: [Place 30-746] Post Placement Timing Summary WNS=-44.859. For the most accurate timing information please run report_timing.
Phase 4.1.3.2 Post Placement Timing Optimization | Checksum: 29faed638

Time (s): cpu = 00:00:14 ; elapsed = 00:00:14 . Memory (MB): peak = 895.441 ; gain = 30.715
Phase 4.1.3 Post Placement Optimization | Checksum: 29faed638

Time (s): cpu = 00:00:14 ; elapsed = 00:00:14 . Memory (MB): peak = 895.441 ; gain = 30.715
Phase 4.1 Post Commit Optimization | Checksum: 29faed638

Time (s): cpu = 00:00:14 ; elapsed = 00:00:14 . Memory (MB): peak = 895.441 ; gain = 30.715

Phase 4.2 Sweep Clock Roots: Post-Placement
Phase 4.2 Sweep Clock Roots: Post-Placement | Checksum: 29faed638

Time (s): cpu = 00:00:14 ; elapsed = 00:00:14 . Memory (MB): peak = 895.441 ; gain = 30.715

Phase 4.3 Post Placement Cleanup
Phase 4.3 Post Placement Cleanup | Checksum: 29faed638

Time (s): cpu = 00:00:14 ; elapsed = 00:00:14 . Memory (MB): peak = 895.441 ; gain = 30.715

Phase 4.4 Placer Reporting

Phase 4.4.1 Restore STA
Phase 4.4.1 Restore STA | Checksum: 29faed638

Time (s): cpu = 00:00:14 ; elapsed = 00:00:14 . Memory (MB): peak = 895.441 ; gain = 30.715
Phase 4.4 Placer Reporting | Checksum: 29faed638

Time (s): cpu = 00:00:14 ; elapsed = 00:00:14 . Memory (MB): peak = 895.441 ; gain = 30.715

Phase 4.5 Final Placement Cleanup
Phase 4.5 Final Placement Cleanup | Checksum: 1f21e18b9

Time (s): cpu = 00:00:14 ; elapsed = 00:00:14 . Memory (MB): peak = 895.441 ; gain = 30.715
Phase 4 Post Placement Optimization and Clean-Up | Checksum: 1f21e18b9

Time (s): cpu = 00:00:14 ; elapsed = 00:00:14 . Memory (MB): peak = 895.441 ; gain = 30.715
Ending Placer Task | Checksum: f4469f0d

Time (s): cpu = 00:00:14 ; elapsed = 00:00:14 . Memory (MB): peak = 895.441 ; gain = 30.715
INFO: [Common 17-83] Releasing license: Implementation
34 Infos, 0 Warnings, 0 Critical Warnings and 0 Errors encountered.
place_design completed successfully
place_design: Time (s): cpu = 00:00:14 ; elapsed = 00:00:15 . Memory (MB): peak = 895.441 ; gain = 30.715
Writing placer database...
Writing XDEF routing.
Writing XDEF routing logical nets.
Writing XDEF routing special nets.
Write XDEF Complete: Time (s): cpu = 00:00:01 ; elapsed = 00:00:00.312 . Memory (MB): peak = 895.441 ; gain = 0.000
report_io: Time (s): cpu = 00:00:00 ; elapsed = 00:00:00.020 . Memory (MB): peak = 897.531 ; gain = 2.090
report_utilization: Time (s): cpu = 00:00:00 ; elapsed = 00:00:00.017 . Memory (MB): peak = 897.531 ; gain = 0.000
report_control_sets: Time (s): cpu = 00:00:00 ; elapsed = 00:00:00.002 . Memory (MB): peak = 897.531 ; gain = 0.000
Command: route_design
Attempting to get a license for feature 'Implementation' and/or device 'xc7a35t'
INFO: [Common 17-349] Got license for feature 'Implementation' and/or device 'xc7a35t'
Running DRC as a precondition to command route_design
INFO: [DRC 23-27] Running DRC with 2 threads
INFO: [Vivado_Tcl 4-198] DRC finished with 0 Errors
INFO: [Vivado_Tcl 4-199] Please refer to the DRC report (report_drc) for more information.


Starting Routing Task
INFO: [Route 35-254] Multithreading enabled for route_design using a maximum of 2 CPUs
Checksum: PlaceDB: f1ea7e7c ConstDB: 0 ShapeSum: 25c2091 RouteDB: 0

Phase 1 Build RT Design
Phase 1 Build RT Design | Checksum: 12e5388d9

Time (s): cpu = 00:00:12 ; elapsed = 00:00:12 . Memory (MB): peak = 1025.160 ; gain = 127.629

Phase 2 Router Initialization

Phase 2.1 Create Timer
Phase 2.1 Create Timer | Checksum: 12e5388d9

Time (s): cpu = 00:00:12 ; elapsed = 00:00:12 . Memory (MB): peak = 1027.855 ; gain = 130.324

Phase 2.2 Pre Route Cleanup
Phase 2.2 Pre Route Cleanup | Checksum: 12e5388d9

Time (s): cpu = 00:00:12 ; elapsed = 00:00:12 . Memory (MB): peak = 1035.039 ; gain = 137.508
 Number of Nodes with overlaps = 0

Phase 2.3 Update Timing
Phase 2.3 Update Timing | Checksum: f143bf36

Time (s): cpu = 00:00:13 ; elapsed = 00:00:13 . Memory (MB): peak = 1041.012 ; gain = 143.480
INFO: [Route 35-416] Intermediate Timing Summary | WNS=-43.582| TNS=-940.285| WHS=-0.091 | THS=-0.936 |

Phase 2 Router Initialization | Checksum: 135ac20f6

Time (s): cpu = 00:00:14 ; elapsed = 00:00:13 . Memory (MB): peak = 1045.137 ; gain = 147.605

Phase 3 Initial Routing
Phase 3 Initial Routing | Checksum: 19f3d784e

Time (s): cpu = 00:00:15 ; elapsed = 00:00:13 . Memory (MB): peak = 1045.137 ; gain = 147.605

Phase 4 Rip-up And Reroute

Phase 4.1 Global Iteration 0
 Number of Nodes with overlaps = 987
 Number of Nodes with overlaps = 230
 Number of Nodes with overlaps = 102
 Number of Nodes with overlaps = 44
 Number of Nodes with overlaps = 10
 Number of Nodes with overlaps = 4
 Number of Nodes with overlaps = 0

Phase 4.1.1 Update Timing
Phase 4.1.1 Update Timing | Checksum: 194fa75a5

Time (s): cpu = 00:00:19 ; elapsed = 00:00:16 . Memory (MB): peak = 1045.137 ; gain = 147.605
INFO: [Route 35-416] Intermediate Timing Summary | WNS=-49.448| TNS=-1148.187| WHS=N/A    | THS=N/A    |


Phase 4.1.2 GlobIterForTiming

Phase 4.1.2.1 Update Timing
Phase 4.1.2.1 Update Timing | Checksum: 11dda4d41

Time (s): cpu = 00:00:19 ; elapsed = 00:00:16 . Memory (MB): peak = 1045.137 ; gain = 147.605

Phase 4.1.2.2 Fast Budgeting
Phase 4.1.2.2 Fast Budgeting | Checksum: e3fe5c5c

Time (s): cpu = 00:00:19 ; elapsed = 00:00:16 . Memory (MB): peak = 1045.137 ; gain = 147.605
Phase 4.1.2 GlobIterForTiming | Checksum: 1bca755c0

Time (s): cpu = 00:00:19 ; elapsed = 00:00:16 . Memory (MB): peak = 1045.137 ; gain = 147.605
Phase 4.1 Global Iteration 0 | Checksum: 1bca755c0

Time (s): cpu = 00:00:19 ; elapsed = 00:00:16 . Memory (MB): peak = 1045.137 ; gain = 147.605

Phase 4.2 Global Iteration 1
 Number of Nodes with overlaps = 803
 Number of Nodes with overlaps = 343
 Number of Nodes with overlaps = 127
 Number of Nodes with overlaps = 23
 Number of Nodes with overlaps = 9
 Number of Nodes with overlaps = 0

Phase 4.2.1 Update Timing
Phase 4.2.1 Update Timing | Checksum: 162d492b4

Time (s): cpu = 00:00:22 ; elapsed = 00:00:18 . Memory (MB): peak = 1045.137 ; gain = 147.605
INFO: [Route 35-416] Intermediate Timing Summary | WNS=-50.352| TNS=-1176.235| WHS=N/A    | THS=N/A    |

Phase 4.2 Global Iteration 1 | Checksum: 1e878ead1

Time (s): cpu = 00:00:22 ; elapsed = 00:00:18 . Memory (MB): peak = 1045.137 ; gain = 147.605
Phase 4 Rip-up And Reroute | Checksum: 1e878ead1

Time (s): cpu = 00:00:22 ; elapsed = 00:00:18 . Memory (MB): peak = 1045.137 ; gain = 147.605

Phase 5 Delay and Skew Optimization

Phase 5.1 Delay CleanUp

Phase 5.1.1 Update Timing
Phase 5.1.1 Update Timing | Checksum: 1a1973743

Time (s): cpu = 00:00:23 ; elapsed = 00:00:18 . Memory (MB): peak = 1045.137 ; gain = 147.605
INFO: [Route 35-416] Intermediate Timing Summary | WNS=-49.441| TNS=-1147.188| WHS=N/A    | THS=N/A    |

 Number of Nodes with overlaps = 0
Phase 5.1 Delay CleanUp | Checksum: 1d3b6d027

Time (s): cpu = 00:00:23 ; elapsed = 00:00:18 . Memory (MB): peak = 1045.137 ; gain = 147.605

Phase 5.2 Clock Skew Optimization
Phase 5.2 Clock Skew Optimization | Checksum: 1d3b6d027

Time (s): cpu = 00:00:23 ; elapsed = 00:00:18 . Memory (MB): peak = 1045.137 ; gain = 147.605
Phase 5 Delay and Skew Optimization | Checksum: 1d3b6d027

Time (s): cpu = 00:00:23 ; elapsed = 00:00:18 . Memory (MB): peak = 1045.137 ; gain = 147.605

Phase 6 Post Hold Fix

Phase 6.1 Update Timing
Phase 6.1 Update Timing | Checksum: 18dc9f98a

Time (s): cpu = 00:00:23 ; elapsed = 00:00:18 . Memory (MB): peak = 1045.137 ; gain = 147.605
INFO: [Route 35-416] Intermediate Timing Summary | WNS=-49.415| TNS=-1137.714| WHS=0.187  | THS=0.000  |

Phase 6 Post Hold Fix | Checksum: 18dc9f98a

Time (s): cpu = 00:00:23 ; elapsed = 00:00:18 . Memory (MB): peak = 1045.137 ; gain = 147.605

Phase 7 Route finalize

Router Utilization Summary
  Global Vertical Routing Utilization    = 1.26278 %
  Global Horizontal Routing Utilization  = 1.49727 %
  Routable Net Status*
  *Does not include unroutable nets such as driverless and loadless.
  Run report_route_status for detailed report.
  Number of Failed Nets               = 0
  Number of Unrouted Nets             = 0
  Number of Partially Routed Nets     = 0
  Number of Node Overlaps             = 0

Congestion Report
North Dir 1x1 Area, Max Cong = 42.3423%, No Congested Regions.
South Dir 1x1 Area, Max Cong = 48.6486%, No Congested Regions.
East Dir 1x1 Area, Max Cong = 51.4706%, No Congested Regions.
West Dir 1x1 Area, Max Cong = 44.1176%, No Congested Regions.
Phase 7 Route finalize | Checksum: 1e01a8599

Time (s): cpu = 00:00:23 ; elapsed = 00:00:18 . Memory (MB): peak = 1045.137 ; gain = 147.605

Phase 8 Verifying routed nets

 Verification completed successfully
Phase 8 Verifying routed nets | Checksum: 1e01a8599

Time (s): cpu = 00:00:23 ; elapsed = 00:00:18 . Memory (MB): peak = 1045.137 ; gain = 147.605

Phase 9 Depositing Routes
Phase 9 Depositing Routes | Checksum: 2a1a6494f

Time (s): cpu = 00:00:23 ; elapsed = 00:00:19 . Memory (MB): peak = 1045.137 ; gain = 147.605

Phase 10 Post Router Timing
INFO: [Route 35-57] Estimated Timing Summary | WNS=-49.415| TNS=-1137.714| WHS=0.187  | THS=0.000  |

WARNING: [Route 35-328] Router estimated timing not met.
Resolution: For a complete and accurate timing signoff, report_timing_summary must be run after route_design. Alternatively, route_design can be run with the -timing_summary option to enable a complete timing signoff at the end of route_design.
Phase 10 Post Router Timing | Checksum: 2a1a6494f

Time (s): cpu = 00:00:23 ; elapsed = 00:00:19 . Memory (MB): peak = 1045.137 ; gain = 147.605
INFO: [Route 35-16] Router Completed Successfully

Time (s): cpu = 00:00:23 ; elapsed = 00:00:19 . Memory (MB): peak = 1045.137 ; gain = 147.605

Routing Is Done.
INFO: [Common 17-83] Releasing license: Implementation
47 Infos, 1 Warnings, 0 Critical Warnings and 0 Errors encountered.
route_design completed successfully
route_design: Time (s): cpu = 00:00:24 ; elapsed = 00:00:19 . Memory (MB): peak = 1045.137 ; gain = 147.605
Writing placer database...
Writing XDEF routing.
Writing XDEF routing logical nets.
Writing XDEF routing special nets.
Write XDEF Complete: Time (s): cpu = 00:00:01 ; elapsed = 00:00:00.336 . Memory (MB): peak = 1045.137 ; gain = 0.000
INFO: [DRC 23-27] Running DRC with 2 threads
INFO: [Coretcl 2-168] The results of DRC are in file C:/Uni/CPE222/project/project.runs/impl_1/top_module_drc_routed.rpt.
INFO: [Timing 38-91] UpdateTimingParams: Speed grade: -1, Delay Type: min_max.
INFO: [Timing 38-191] Multithreading enabled for timing update using a maximum of 2 CPUs
CRITICAL WARNING: [Timing 38-282] The design failed to meet the timing requirements. Please see the timing summary report for details on the timing violations.
Running Vector-less Activity Propagation...

Finished Running Vector-less Activity Propagation
INFO: [Common 17-206] Exiting Vivado at Wed Dec 17 02:01:08 2025...

*** Running vivado
    with args -log top_module.vdi -applog -m64 -messageDb vivado.pb -mode batch -source top_module.tcl -notrace


****** Vivado v2015.4 (64-bit)
  **** SW Build 1412921 on Wed Nov 18 09:43:45 MST 2015
  **** IP Build 1412160 on Tue Nov 17 13:47:24 MST 2015
    ** Copyright 1986-2015 Xilinx, Inc. All Rights Reserved.

source top_module.tcl -notrace
Command: open_checkpoint top_module_routed.dcp
INFO: [Netlist 29-17] Analyzing 391 Unisim elements for replacement
INFO: [Netlist 29-28] Unisim Transformation completed in 0 CPU seconds
INFO: [Project 1-479] Netlist was created with Vivado 2015.4
INFO: [Device 21-403] Loading part xc7a35tcpg236-1
INFO: [Project 1-570] Preparing netlist for logic optimization
Parsing XDC File [C:/Uni/CPE222/project/project.runs/impl_1/.Xil/Vivado-25432-/dcp/top_module.xdc]
Finished Parsing XDC File [C:/Uni/CPE222/project/project.runs/impl_1/.Xil/Vivado-25432-/dcp/top_module.xdc]
Reading XDEF placement.
Reading placer database...
Reading XDEF routing.
Read XDEF File: Time (s): cpu = 00:00:00 ; elapsed = 00:00:00.214 . Memory (MB): peak = 436.543 ; gain = 1.305
Restored from archive | CPU: 0.000000 secs | Memory: 0.000000 MB |
Finished XDEF File Restore: Time (s): cpu = 00:00:00 ; elapsed = 00:00:00.214 . Memory (MB): peak = 436.543 ; gain = 1.305
INFO: [Project 1-111] Unisim Transformation Summary:
No Unisim elements were transformed.

INFO: [Project 1-604] Checkpoint was created with Vivado v2015.4 (64-bit) build 1412921
Attempting to get a license for feature 'Implementation' and/or device 'xc7a35t'
INFO: [Common 17-349] Got license for feature 'Implementation' and/or device 'xc7a35t'
Running DRC as a precondition to command write_bitstream
INFO: [DRC 23-27] Running DRC with 2 threads
WARNING: [DRC 23-20] Rule violation (CFGBVS-1) Missing CFGBVS and CONFIG_VOLTAGE Design Properties - Neither the CFGBVS nor CONFIG_VOLTAGE voltage property is set in the current_design.  Configuration bank voltage select (CFGBVS) must be set to VCCO or GND, and CONFIG_VOLTAGE must be set to the correct configuration voltage, in order to determine the I/O voltage support for the pins in bank 0.  It is suggested to specify these either using the 'Edit Device Properties' function in the GUI or directly in the XDC file using the following syntax:

 set_property CFGBVS value1 [current_design]
 #where value1 is either VCCO or GND

 set_property CONFIG_VOLTAGE value2 [current_design]
 #where value2 is the voltage provided to configuration bank 0

Refer to the device configuration user guide for more information.
WARNING: [DRC 23-20] Rule violation (DPIP-1) Input pipelining - DSP U_core/res0 input U_core/res0/A[29:0] is not pipelined. Pipelining DSP48 input will improve performance.
WARNING: [DRC 23-20] Rule violation (DPIP-1) Input pipelining - DSP U_core/res0 input U_core/res0/B[17:0] is not pipelined. Pipelining DSP48 input will improve performance.
WARNING: [DRC 23-20] Rule violation (DPIR-1) Asynchronous driver check - DSP U_core/res0 pin U_core/res0/A[0] is connected to asynchronous registers, if you use synchronous controls you will get better results both in area and delay (DSP48 has synchronous registers built in).
WARNING: [DRC 23-20] Rule violation (DPIR-1) Asynchronous driver check - DSP U_core/res0 pin U_core/res0/B[0] is connected to asynchronous registers, if you use synchronous controls you will get better results both in area and delay (DSP48 has synchronous registers built in).
WARNING: [DRC 23-20] Rule violation (DPOP-1) PREG Output pipelining - DSP U_core/res0 output U_core/res0/P[47:0] is not pipelined (PREG=0). Pipelining the DSP48 output will improve performance and often saves power so it is suggested whenever possible to fully pipeline this function.  If this DSP48 function was inferred, it is suggested to describe an additional register stage after this function.  If the DSP48 was instantiated in the design, it is suggested to set the PREG attribute to 1.
WARNING: [DRC 23-20] Rule violation (DPOP-2) MREG Output pipelining - DSP U_core/res0 multiplier stage U_core/res0/P[47:0] is not pipelined (MREG=0). Pipelining the multiplier function will improve performance and will save significant power so it is suggested whenever possible to fully pipeline this function.  If this multiplier was inferred, it is suggested to describe an additional register stage after this function.  If there is no registered adder/accumulator following the multiply function, two pipeline stages are suggested to allow both the MREG and PREG registers to be used.  If the DSP48 was instantiated in the design, it is suggested to set both the MREG and PREG attributes to 1 when performing multiply functions.
INFO: [Vivado 12-3199] DRC finished with 0 Errors, 7 Warnings
INFO: [Vivado 12-3200] Please refer to the DRC report (report_drc) for more information.
Loading data files...
Loading site data...
Loading route data...
Processing options...
Creating bitmap...
Creating bitstream...
Writing bitstream ./top_module.bit...
INFO: [Vivado 12-1842] Bitgen Completed Successfully.
INFO: [Common 17-83] Releasing license: Implementation
write_bitstream: Time (s): cpu = 00:00:11 ; elapsed = 00:00:10 . Memory (MB): peak = 787.039 ; gain = 350.414
INFO: [Vivado_Tcl 4-395] Unable to parse hwdef file top_module.hwdef
INFO: [Common 17-206] Exiting Vivado at Wed Dec 17 02:02:22 2025...
