Copyright 1986-2015 Xilinx, Inc. All Rights Reserved.
---------------------------------------------------------------------------------------
| Tool Version : Vivado v.2015.4 (win64) Build 1412921 Wed Nov 18 09:43:45 MST 2015
| Date         : Wed Dec 17 02:00:46 2025
| Host         : LAPTOP-E1PCNTPB running 64-bit major release  (build 9200)
| Command      : report_control_sets -verbose -file top_module_control_sets_placed.rpt
| Design       : top_module
| Device       : xc7a35t
---------------------------------------------------------------------------------------

Control Set Information

Table of Contents
-----------------
1. Summary
2. Flip-Flop Distribution
3. Detailed Control Set Information

1. Summary
----------

+-------------------------------------------------------------------+-------+
|                               Status                              | Count |
+-------------------------------------------------------------------+-------+
| Number of unique control sets                                     |    14 |
| Minimum Number of register sites lost to control set restrictions |    56 |
+-------------------------------------------------------------------+-------+


2. Flip-Flop Distribution
-------------------------

+--------------+-----------------------+------------------------+-----------------+--------------+
| Clock Enable | Synchronous Set/Reset | Asynchronous Set/Reset | Total Registers | Total Slices |
+--------------+-----------------------+------------------------+-----------------+--------------+
| No           | No                    | No                     |               7 |            6 |
| No           | No                    | Yes                    |               9 |            7 |
| No           | Yes                   | No                     |              52 |           14 |
| Yes          | No                    | No                     |               4 |            1 |
| Yes          | No                    | Yes                    |              32 |           22 |
| Yes          | Yes                   | No                     |               0 |            0 |
+--------------+-----------------------+------------------------+-----------------+--------------+


3. Detailed Control Set Information
-----------------------------------

+----------------+---------------------------+----------------------------------+------------------+----------------+
|  Clock Signal  |       Enable Signal       |         Set/Reset Signal         | Slice Load Count | Bel Load Count |
+----------------+---------------------------+----------------------------------+------------------+----------------+
|  clk_IBUF_BUFG |                           | U_anode/flag_i_2_n_0             |                1 |              1 |
|  clk_IBUF_BUFG | U_core/p_2_in             |                                  |                1 |              4 |
|  clk_IBUF_BUFG | U_core/num[3][3]_i_1_n_0  | U_core/num[3][3]_i_3_n_0         |                3 |              4 |
|  clk_IBUF_BUFG | U_core/num[2][3]_i_1_n_0  | U_core/num[3][3]_i_3_n_0         |                4 |              4 |
|  clk_IBUF_BUFG | U_core/num[1][3]_i_1_n_0  | U_core/num[3][3]_i_3_n_0         |                4 |              4 |
|  clk_IBUF_BUFG | U_core/num[0][3]_i_1_n_0  | U_core/num[3][3]_i_3_n_0         |                3 |              4 |
|  clk_IBUF_BUFG | U_core/num2[3][3]_i_1_n_0 | U_core/num2[1][3]_i_3_n_0        |                2 |              4 |
|  clk_IBUF_BUFG | U_core/num2[2][3]_i_1_n_0 | U_core/num2[1][3]_i_3_n_0        |                2 |              4 |
|  clk_IBUF_BUFG | U_core/num2[1][3]_i_1_n_0 | U_core/num2[1][3]_i_3_n_0        |                2 |              4 |
|  clk_IBUF_BUFG | U_core/num2[0][3]_i_1_n_0 | U_core/num2[1][3]_i_3_n_0        |                2 |              4 |
|  clk_IBUF_BUFG |                           |                                  |                6 |              7 |
|  clk_IBUF_BUFG |                           | rst_IBUF                         |                6 |              8 |
|  clk_IBUF_BUFG |                           | U_anode/blink_counter[0]_i_1_n_0 |                7 |             26 |
|  clk_IBUF_BUFG |                           | U_image/activate[26]_i_1_n_0     |                7 |             26 |
+----------------+---------------------------+----------------------------------+------------------+----------------+


